Archive member included because of file (symbol)

c:/winavr-20100110/bin/../lib/gcc/avr/4.3.3/avr25\libgcc.a(_mulsi3.o)
                              bmp280.o (__mulsi3)
c:/winavr-20100110/bin/../lib/gcc/avr/4.3.3/avr25\libgcc.a(_udivmodqi4.o)
                              subroutine.o (__udivmodqi4)
c:/winavr-20100110/bin/../lib/gcc/avr/4.3.3/avr25\libgcc.a(_udivmodsi4.o)
                              bmp280.o (__udivmodsi4)
c:/winavr-20100110/bin/../lib/gcc/avr/4.3.3/avr25\libgcc.a(_divmodsi4.o)
                              main.o (__divmodsi4)
c:/winavr-20100110/bin/../lib/gcc/avr/4.3.3/avr25\libgcc.a(_exit.o)
                              c:/winavr-20100110/bin/../lib/gcc/avr/4.3.3/../../../../avr/lib/avr25/crttn85.o (exit)
c:/winavr-20100110/bin/../lib/gcc/avr/4.3.3/avr25\libgcc.a(_copy_data.o)
                              main.o (__do_copy_data)
c:/winavr-20100110/bin/../lib/gcc/avr/4.3.3/avr25\libgcc.a(_clear_bss.o)
                              bmp280.o (__do_clear_bss)
c:/winavr-20100110/bin/../lib/gcc/avr/4.3.3/../../../../avr/lib/avr25\libc.a(eerd_byte_attiny85.o)
                              main.o (__eerd_byte_tn85)
c:/winavr-20100110/bin/../lib/gcc/avr/4.3.3/../../../../avr/lib/avr25\libc.a(eewr_byte_attiny85.o)
                              bmp280.o (__eewr_byte_tn85)

Allocating common symbols
Common symbol       size              file

pos_y               0x1               oled.o
pos_x               0x1               oled.o

Discarded input sections

 .data          0x00000000        0x0 c:/winavr-20100110/bin/../lib/gcc/avr/4.3.3/../../../../avr/lib/avr25/crttn85.o
 .bss           0x00000000        0x0 c:/winavr-20100110/bin/../lib/gcc/avr/4.3.3/../../../../avr/lib/avr25/crttn85.o
 .text          0x00000000        0x0 bmp280.o
 .data          0x00000000        0x0 bmp280.o
 .bss           0x00000000        0x0 bmp280.o
 .text          0x00000000        0x0 i2c.o
 .data          0x00000000        0x0 i2c.o
 .bss           0x00000000        0x0 i2c.o
 .text.i2c_read_id
                0x00000000        0x0 i2c.o
 .text          0x00000000        0x0 main.o
 .bss           0x00000000        0x0 main.o
 .text          0x00000000        0x0 oled.o
 .data          0x00000000        0x0 oled.o
 .bss           0x00000000        0x0 oled.o
 .text.oled_fill
                0x00000000        0x0 oled.o
 .text          0x00000000        0x0 subroutine.o
 .data          0x00000000        0x0 subroutine.o
 .bss           0x00000000        0x0 subroutine.o
 .text          0x00000000        0x0 c:/winavr-20100110/bin/../lib/gcc/avr/4.3.3/avr25\libgcc.a(_mulsi3.o)
 .data          0x00000000        0x0 c:/winavr-20100110/bin/../lib/gcc/avr/4.3.3/avr25\libgcc.a(_mulsi3.o)
 .bss           0x00000000        0x0 c:/winavr-20100110/bin/../lib/gcc/avr/4.3.3/avr25\libgcc.a(_mulsi3.o)
 .text          0x00000000        0x0 c:/winavr-20100110/bin/../lib/gcc/avr/4.3.3/avr25\libgcc.a(_udivmodqi4.o)
 .data          0x00000000        0x0 c:/winavr-20100110/bin/../lib/gcc/avr/4.3.3/avr25\libgcc.a(_udivmodqi4.o)
 .bss           0x00000000        0x0 c:/winavr-20100110/bin/../lib/gcc/avr/4.3.3/avr25\libgcc.a(_udivmodqi4.o)
 .text          0x00000000        0x0 c:/winavr-20100110/bin/../lib/gcc/avr/4.3.3/avr25\libgcc.a(_udivmodsi4.o)
 .data          0x00000000        0x0 c:/winavr-20100110/bin/../lib/gcc/avr/4.3.3/avr25\libgcc.a(_udivmodsi4.o)
 .bss           0x00000000        0x0 c:/winavr-20100110/bin/../lib/gcc/avr/4.3.3/avr25\libgcc.a(_udivmodsi4.o)
 .text          0x00000000        0x0 c:/winavr-20100110/bin/../lib/gcc/avr/4.3.3/avr25\libgcc.a(_divmodsi4.o)
 .data          0x00000000        0x0 c:/winavr-20100110/bin/../lib/gcc/avr/4.3.3/avr25\libgcc.a(_divmodsi4.o)
 .bss           0x00000000        0x0 c:/winavr-20100110/bin/../lib/gcc/avr/4.3.3/avr25\libgcc.a(_divmodsi4.o)
 .text          0x00000000        0x0 c:/winavr-20100110/bin/../lib/gcc/avr/4.3.3/avr25\libgcc.a(_exit.o)
 .data          0x00000000        0x0 c:/winavr-20100110/bin/../lib/gcc/avr/4.3.3/avr25\libgcc.a(_exit.o)
 .bss           0x00000000        0x0 c:/winavr-20100110/bin/../lib/gcc/avr/4.3.3/avr25\libgcc.a(_exit.o)
 .text.libgcc   0x00000000        0x0 c:/winavr-20100110/bin/../lib/gcc/avr/4.3.3/avr25\libgcc.a(_exit.o)
 .text          0x00000000        0x0 c:/winavr-20100110/bin/../lib/gcc/avr/4.3.3/avr25\libgcc.a(_copy_data.o)
 .data          0x00000000        0x0 c:/winavr-20100110/bin/../lib/gcc/avr/4.3.3/avr25\libgcc.a(_copy_data.o)
 .bss           0x00000000        0x0 c:/winavr-20100110/bin/../lib/gcc/avr/4.3.3/avr25\libgcc.a(_copy_data.o)
 .text.libgcc   0x00000000        0x0 c:/winavr-20100110/bin/../lib/gcc/avr/4.3.3/avr25\libgcc.a(_copy_data.o)
 .text          0x00000000        0x0 c:/winavr-20100110/bin/../lib/gcc/avr/4.3.3/avr25\libgcc.a(_clear_bss.o)
 .data          0x00000000        0x0 c:/winavr-20100110/bin/../lib/gcc/avr/4.3.3/avr25\libgcc.a(_clear_bss.o)
 .bss           0x00000000        0x0 c:/winavr-20100110/bin/../lib/gcc/avr/4.3.3/avr25\libgcc.a(_clear_bss.o)
 .text.libgcc   0x00000000        0x0 c:/winavr-20100110/bin/../lib/gcc/avr/4.3.3/avr25\libgcc.a(_clear_bss.o)
 .text          0x00000000        0x0 c:/winavr-20100110/bin/../lib/gcc/avr/4.3.3/../../../../avr/lib/avr25\libc.a(eerd_byte_attiny85.o)
 .data          0x00000000        0x0 c:/winavr-20100110/bin/../lib/gcc/avr/4.3.3/../../../../avr/lib/avr25\libc.a(eerd_byte_attiny85.o)
 .bss           0x00000000        0x0 c:/winavr-20100110/bin/../lib/gcc/avr/4.3.3/../../../../avr/lib/avr25\libc.a(eerd_byte_attiny85.o)
 .text          0x00000000        0x0 c:/winavr-20100110/bin/../lib/gcc/avr/4.3.3/../../../../avr/lib/avr25\libc.a(eewr_byte_attiny85.o)
 .data          0x00000000        0x0 c:/winavr-20100110/bin/../lib/gcc/avr/4.3.3/../../../../avr/lib/avr25\libc.a(eewr_byte_attiny85.o)
 .bss           0x00000000        0x0 c:/winavr-20100110/bin/../lib/gcc/avr/4.3.3/../../../../avr/lib/avr25\libc.a(eewr_byte_attiny85.o)

Memory Configuration

Name             Origin             Length             Attributes
text             0x00000000         0x00002000         xr
data             0x00800060         0x0000ffa0         rw !x
eeprom           0x00810000         0x00010000         rw !x
fuse             0x00820000         0x00000400         rw !x
lock             0x00830000         0x00000400         rw !x
signature        0x00840000         0x00000400         rw !x
*default*        0x00000000         0xffffffff

Linker script and memory map

LOAD c:/winavr-20100110/bin/../lib/gcc/avr/4.3.3/../../../../avr/lib/avr25/crttn85.o
LOAD bmp280.o
LOAD i2c.o
LOAD main.o
LOAD oled.o
LOAD subroutine.o
START GROUP
LOAD c:/winavr-20100110/bin/../lib/gcc/avr/4.3.3/../../../../avr/lib/avr25\libm.a
END GROUP
LOAD c:/winavr-20100110/bin/../lib/gcc/avr/4.3.3/avr25\libgcc.a
LOAD c:/winavr-20100110/bin/../lib/gcc/avr/4.3.3/../../../../avr/lib/avr25\libc.a
LOAD c:/winavr-20100110/bin/../lib/gcc/avr/4.3.3/avr25\libgcc.a

.hash
 *(.hash)

.dynsym
 *(.dynsym)

.dynstr
 *(.dynstr)

.gnu.version
 *(.gnu.version)

.gnu.version_d
 *(.gnu.version_d)

.gnu.version_r
 *(.gnu.version_r)

.rel.init
 *(.rel.init)

.rela.init
 *(.rela.init)

.rel.text
 *(.rel.text)
 *(.rel.text.*)
 *(.rel.gnu.linkonce.t*)

.rela.text
 *(.rela.text)
 *(.rela.text.*)
 *(.rela.gnu.linkonce.t*)

.rel.fini
 *(.rel.fini)

.rela.fini
 *(.rela.fini)

.rel.rodata
 *(.rel.rodata)
 *(.rel.rodata.*)
 *(.rel.gnu.linkonce.r*)

.rela.rodata
 *(.rela.rodata)
 *(.rela.rodata.*)
 *(.rela.gnu.linkonce.r*)

.rel.data
 *(.rel.data)
 *(.rel.data.*)
 *(.rel.gnu.linkonce.d*)

.rela.data
 *(.rela.data)
 *(.rela.data.*)
 *(.rela.gnu.linkonce.d*)

.rel.ctors
 *(.rel.ctors)

.rela.ctors
 *(.rela.ctors)

.rel.dtors
 *(.rel.dtors)

.rela.dtors
 *(.rela.dtors)

.rel.got
 *(.rel.got)

.rela.got
 *(.rela.got)

.rel.bss
 *(.rel.bss)

.rela.bss
 *(.rela.bss)

.rel.plt
 *(.rel.plt)

.rela.plt
 *(.rela.plt)

.text           0x00000000      0xecc
 *(.vectors)
 .vectors       0x00000000       0x1e c:/winavr-20100110/bin/../lib/gcc/avr/4.3.3/../../../../avr/lib/avr25/crttn85.o
                0x00000000                __vectors
                0x00000000                __vector_default
 *(.vectors)
 *(.progmem.gcc*)
 *(.progmem*)
 .progmem.data  0x0000001e       0x1c main.o
                0x0000001e                ssd1306_init_sequence
 .progmem.data  0x0000003a      0x228 oled.o
                0x0000003a                oled_font6x8
                0x00000262                . = ALIGN (0x2)
                0x00000262                __trampolines_start = .
 *(.trampolines)
 .trampolines   0x00000262        0x0 linker stubs
 *(.trampolines*)
                0x00000262                __trampolines_end = .
 *(.jumptables)
 *(.jumptables*)
 *(.lowtext)
 *(.lowtext*)
                0x00000262                __ctors_start = .
 *(.ctors)
                0x00000262                __ctors_end = .
                0x00000262                __dtors_start = .
 *(.dtors)
                0x00000262                __dtors_end = .
 SORT(*)(.ctors)
 SORT(*)(.dtors)
 *(.init0)
 .init0         0x00000262        0x0 c:/winavr-20100110/bin/../lib/gcc/avr/4.3.3/../../../../avr/lib/avr25/crttn85.o
                0x00000262                __init
 *(.init0)
 *(.init1)
 *(.init1)
 *(.init2)
 .init2         0x00000262        0xc c:/winavr-20100110/bin/../lib/gcc/avr/4.3.3/../../../../avr/lib/avr25/crttn85.o
 *(.init2)
 *(.init3)
 *(.init3)
 *(.init4)
 .init4         0x0000026e       0x16 c:/winavr-20100110/bin/../lib/gcc/avr/4.3.3/avr25\libgcc.a(_copy_data.o)
                0x0000026e                __do_copy_data
 .init4         0x00000284       0x10 c:/winavr-20100110/bin/../lib/gcc/avr/4.3.3/avr25\libgcc.a(_clear_bss.o)
                0x00000284                __do_clear_bss
 *(.init4)
 *(.init5)
 *(.init5)
 *(.init6)
 *(.init6)
 *(.init7)
 *(.init7)
 *(.init8)
 *(.init8)
 *(.init9)
 .init9         0x00000294        0x4 c:/winavr-20100110/bin/../lib/gcc/avr/4.3.3/../../../../avr/lib/avr25/crttn85.o
 *(.init9)
 *(.text)
 .text          0x00000298        0x2 c:/winavr-20100110/bin/../lib/gcc/avr/4.3.3/../../../../avr/lib/avr25/crttn85.o
                0x00000298                __vector_1
                0x00000298                __vector_12
                0x00000298                __bad_interrupt
                0x00000298                __vector_6
                0x00000298                __vector_3
                0x00000298                __vector_11
                0x00000298                __vector_13
                0x00000298                __vector_7
                0x00000298                __vector_5
                0x00000298                __vector_4
                0x00000298                __vector_9
                0x00000298                __vector_2
                0x00000298                __vector_8
                0x00000298                __vector_14
                0x00000298                __vector_10
                0x0000029a                . = ALIGN (0x2)
 *(.text.*)
 .text.bmp280GetPressure
                0x0000029a      0x356 bmp280.o
                0x0000029a                bmp280GetPressure
 .text.bmp280GetTemp
                0x000005f0      0x20a bmp280.o
                0x000005f0                bmp280GetTemp
 .text.bmpSet   0x000007fa       0x20 bmp280.o
                0x000007fa                bmpSet
 .text.bmpReset
                0x0000081a       0x1c bmp280.o
                0x0000081a                bmpReset
 .text.bmpCalibration
                0x00000836       0x98 bmp280.o
                0x00000836                bmpCalibration
 .text.init_i2c
                0x000008ce       0x22 i2c.o
                0x000008ce                init_i2c
 .text.i2c_clock
                0x000008f0       0x18 i2c.o
                0x000008f0                i2c_clock
 .text.i2c_start
                0x00000908       0x2a i2c.o
                0x00000908                i2c_start
 .text.i2c_stop
                0x00000932       0x2a i2c.o
                0x00000932                i2c_stop
 .text.i2c_device_id
                0x0000095c       0xb8 i2c.o
                0x0000095c                i2c_device_id
 .text.i2c_read
                0x00000a14       0x90 i2c.o
                0x00000a14                i2c_read
 .text.i2c_write
                0x00000aa4       0x42 i2c.o
                0x00000aa4                i2c_write
 .text.blink    0x00000ae6       0x34 main.o
                0x00000ae6                blink
 .text.main     0x00000b1a       0xfa main.o
                0x00000b1a                main
 .text.oled_data
                0x00000c14       0x1a oled.o
                0x00000c14                oled_data
 .text.oled_control
                0x00000c2e       0x1a oled.o
                0x00000c2e                oled_control
 .text.oled_setpos
                0x00000c48       0x26 oled.o
                0x00000c48                oled_setpos
 .text.oled_clear
                0x00000c6e       0x36 oled.o
                0x00000c6e                oled_clear
 .text.oled_write_char
                0x00000ca4       0x6e oled.o
                0x00000ca4                oled_write_char
 .text.oled_write_int
                0x00000d12       0x1e oled.o
                0x00000d12                oled_write_int
 .text.oled_write_string
                0x00000d30       0x22 oled.o
                0x00000d30                oled_write_string
 .text.reverse_array
                0x00000d52       0x26 subroutine.o
                0x00000d52                reverse_array
 .text.convert  0x00000d78       0x60 subroutine.o
                0x00000d78                convert
 .text.libgcc   0x00000dd8       0x32 c:/winavr-20100110/bin/../lib/gcc/avr/4.3.3/avr25\libgcc.a(_mulsi3.o)
                0x00000dd8                __mulsi3
 .text.libgcc   0x00000e0a       0x18 c:/winavr-20100110/bin/../lib/gcc/avr/4.3.3/avr25\libgcc.a(_udivmodqi4.o)
                0x00000e0a                __udivmodqi4
 .text.libgcc   0x00000e22       0x44 c:/winavr-20100110/bin/../lib/gcc/avr/4.3.3/avr25\libgcc.a(_udivmodsi4.o)
                0x00000e22                __udivmodsi4
 .text.libgcc   0x00000e66       0x36 c:/winavr-20100110/bin/../lib/gcc/avr/4.3.3/avr25\libgcc.a(_divmodsi4.o)
                0x00000e66                __divmodsi4
 .text.avr-libc
                0x00000e9c       0x10 c:/winavr-20100110/bin/../lib/gcc/avr/4.3.3/../../../../avr/lib/avr25\libc.a(eerd_byte_attiny85.o)
                0x00000e9c                __eerd_byte_tn85
 .text.avr-libc
                0x00000eac       0x1c c:/winavr-20100110/bin/../lib/gcc/avr/4.3.3/../../../../avr/lib/avr25\libc.a(eewr_byte_attiny85.o)
                0x00000eae                __eewr_r18_tn85
                0x00000eac                __eewr_byte_tn85
                0x00000ec8                . = ALIGN (0x2)
 *(.fini9)
 .fini9         0x00000ec8        0x0 c:/winavr-20100110/bin/../lib/gcc/avr/4.3.3/avr25\libgcc.a(_exit.o)
                0x00000ec8                exit
                0x00000ec8                _exit
 *(.fini9)
 *(.fini8)
 *(.fini8)
 *(.fini7)
 *(.fini7)
 *(.fini6)
 *(.fini6)
 *(.fini5)
 *(.fini5)
 *(.fini4)
 *(.fini4)
 *(.fini3)
 *(.fini3)
 *(.fini2)
 *(.fini2)
 *(.fini1)
 *(.fini1)
 *(.fini0)
 .fini0         0x00000ec8        0x4 c:/winavr-20100110/bin/../lib/gcc/avr/4.3.3/avr25\libgcc.a(_exit.o)
 *(.fini0)
                0x00000ecc                _etext = .

.data           0x00800060       0x1c load address 0x00000ecc
                0x00800060                PROVIDE (__data_start, .)
 *(.data)
 .data          0x00800060       0x1b main.o
 *(.data*)
 *(.rodata)
 *(.rodata*)
 *(.gnu.linkonce.d*)
                0x0080007c                . = ALIGN (0x2)
 *fill*         0x0080007b        0x1 00
                0x0080007c                _edata = .
                0x0080007c                PROVIDE (__data_end, .)

.bss            0x0080007c       0x16
                0x0080007c                PROVIDE (__bss_start, .)
 *(.bss)
 *(.bss*)
 .bss.t_fine    0x0080007c        0x4 bmp280.o
                0x0080007c                t_fine
 .bss.var2.1303
                0x00800080        0x4 bmp280.o
 .bss.var1.1302
                0x00800084        0x4 bmp280.o
 .bss.adc_T.1301
                0x00800088        0x4 bmp280.o
 .bss.array.1184
                0x0080008c        0x4 subroutine.o
 *(COMMON)
 COMMON         0x00800090        0x2 oled.o
                0x00800090                pos_y
                0x00800091                pos_x
                0x00800092                PROVIDE (__bss_end, .)
                0x00000ecc                __data_load_start = LOADADDR (.data)
                0x00000ee8                __data_load_end = (__data_load_start + SIZEOF (.data))

.noinit         0x00800092        0x0
                0x00800092                PROVIDE (__noinit_start, .)
 *(.noinit*)
                0x00800092                PROVIDE (__noinit_end, .)
                0x00800092                _end = .
                0x00800092                PROVIDE (__heap_start, .)

.eeprom         0x00810000        0x0
 *(.eeprom*)
                0x00810000                __eeprom_end = .

.fuse
 *(.fuse)
 *(.lfuse)
 *(.hfuse)
 *(.efuse)

.lock
 *(.lock*)

.signature
 *(.signature*)

.stab
 *(.stab)

.stabstr
 *(.stabstr)

.stab.excl
 *(.stab.excl)

.stab.exclstr
 *(.stab.exclstr)

.stab.index
 *(.stab.index)

.stab.indexstr
 *(.stab.indexstr)

.comment
 *(.comment)

.debug
 *(.debug)

.line
 *(.line)

.debug_srcinfo
 *(.debug_srcinfo)

.debug_sfnames
 *(.debug_sfnames)

.debug_aranges  0x00000000      0x140
 *(.debug_aranges)
 .debug_aranges
                0x00000000       0x40 bmp280.o
 .debug_aranges
                0x00000040       0x58 i2c.o
 .debug_aranges
                0x00000098       0x28 main.o
 .debug_aranges
                0x000000c0       0x58 oled.o
 .debug_aranges
                0x00000118       0x28 subroutine.o

.debug_pubnames
                0x00000000      0x224
 *(.debug_pubnames)
 .debug_pubnames
                0x00000000       0x70 bmp280.o
 .debug_pubnames
                0x00000070       0x85 i2c.o
 .debug_pubnames
                0x000000f5       0x3f main.o
 .debug_pubnames
                0x00000134       0xc0 oled.o
 .debug_pubnames
                0x000001f4       0x30 subroutine.o

.debug_info     0x00000000      0xb54
 *(.debug_info)
 .debug_info    0x00000000      0x1b1 bmp280.o
 .debug_info    0x000001b1      0x3f1 i2c.o
 .debug_info    0x000005a2      0x23f main.o
 .debug_info    0x000007e1      0x283 oled.o
 .debug_info    0x00000a64       0xf0 subroutine.o
 *(.gnu.linkonce.wi.*)

.debug_abbrev   0x00000000      0x589
 *(.debug_abbrev)
 .debug_abbrev  0x00000000      0x122 bmp280.o
 .debug_abbrev  0x00000122      0x19c i2c.o
 .debug_abbrev  0x000002be      0x127 main.o
 .debug_abbrev  0x000003e5       0xf3 oled.o
 .debug_abbrev  0x000004d8       0xb1 subroutine.o

.debug_line     0x00000000      0xd3e
 *(.debug_line)
 .debug_line    0x00000000      0x2e3 bmp280.o
 .debug_line    0x000002e3      0x43a i2c.o
 .debug_line    0x0000071d      0x245 main.o
 .debug_line    0x00000962      0x2d3 oled.o
 .debug_line    0x00000c35      0x109 subroutine.o

.debug_frame    0x00000000      0x1e0
 *(.debug_frame)
 .debug_frame   0x00000000       0x60 bmp280.o
 .debug_frame   0x00000060       0x90 i2c.o
 .debug_frame   0x000000f0       0x30 main.o
 .debug_frame   0x00000120       0x90 oled.o
 .debug_frame   0x000001b0       0x30 subroutine.o

.debug_str      0x00000000      0x309
 *(.debug_str)
 .debug_str     0x00000000      0x115 bmp280.o
                                0x149 (size before relaxing)
 .debug_str     0x00000115       0xd0 i2c.o
                                0x1a6 (size before relaxing)
 .debug_str     0x000001e5       0x56 main.o
                                0x184 (size before relaxing)
 .debug_str     0x0000023b       0xa1 oled.o
                                0x19a (size before relaxing)
 .debug_str     0x000002dc       0x2d subroutine.o
                                 0xb7 (size before relaxing)

.debug_loc      0x00000000      0x5a2
 *(.debug_loc)
 .debug_loc     0x00000000      0x188 bmp280.o
 .debug_loc     0x00000188      0x192 i2c.o
 .debug_loc     0x0000031a       0x5b main.o
 .debug_loc     0x00000375      0x1d4 oled.o
 .debug_loc     0x00000549       0x59 subroutine.o

.debug_macinfo
 *(.debug_macinfo)
OUTPUT(handheldWeatherStation.elf elf32-avr)
LOAD linker stubs

.debug_ranges   0x00000000      0x160
 .debug_ranges  0x00000000       0x38 bmp280.o
 .debug_ranges  0x00000038       0x98 i2c.o
 .debug_ranges  0x000000d0       0x20 main.o
 .debug_ranges  0x000000f0       0x50 oled.o
 .debug_ranges  0x00000140       0x20 subroutine.o
